Archive member included because of file (symbol)

c:/freescale/kds_v3/toolchain/bin/../lib/gcc/arm-none-eabi/4.8.4/armv6-m\libgcc.a(_udivsi3.o)
                              ./Project_Settings/Startup_Code/system_MKL25Z4.o (__aeabi_uidiv)
c:/freescale/kds_v3/toolchain/bin/../lib/gcc/arm-none-eabi/4.8.4/armv6-m\libgcc.a(_dvmd_tls.o)
                              c:/freescale/kds_v3/toolchain/bin/../lib/gcc/arm-none-eabi/4.8.4/armv6-m\libgcc.a(_udivsi3.o) (__aeabi_idiv0)
c:/freescale/kds_v3/toolchain/bin/../lib/gcc/arm-none-eabi/4.8.4/../../../../arm-none-eabi/lib/armv6-m\libg_s.a(lib_a-exit.o)
                              c:/freescale/kds_v3/toolchain/bin/../lib/gcc/arm-none-eabi/4.8.4/../../../../arm-none-eabi/lib/armv6-m/crt0.o (exit)
c:/freescale/kds_v3/toolchain/bin/../lib/gcc/arm-none-eabi/4.8.4/../../../../arm-none-eabi/lib/armv6-m\libg_s.a(lib_a-impure.o)
                              c:/freescale/kds_v3/toolchain/bin/../lib/gcc/arm-none-eabi/4.8.4/../../../../arm-none-eabi/lib/armv6-m\libg_s.a(lib_a-exit.o) (_global_impure_ptr)
c:/freescale/kds_v3/toolchain/bin/../lib/gcc/arm-none-eabi/4.8.4/../../../../arm-none-eabi/lib/armv6-m\libg_s.a(lib_a-init.o)
                              c:/freescale/kds_v3/toolchain/bin/../lib/gcc/arm-none-eabi/4.8.4/../../../../arm-none-eabi/lib/armv6-m/crt0.o (__libc_init_array)
c:/freescale/kds_v3/toolchain/bin/../lib/gcc/arm-none-eabi/4.8.4/../../../../arm-none-eabi/lib/armv6-m\libg_s.a(lib_a-malloc.o)
                              ./Sources/cbuff.o (malloc)
c:/freescale/kds_v3/toolchain/bin/../lib/gcc/arm-none-eabi/4.8.4/../../../../arm-none-eabi/lib/armv6-m\libg_s.a(lib_a-memset.o)
                              c:/freescale/kds_v3/toolchain/bin/../lib/gcc/arm-none-eabi/4.8.4/../../../../arm-none-eabi/lib/armv6-m/crt0.o (memset)
c:/freescale/kds_v3/toolchain/bin/../lib/gcc/arm-none-eabi/4.8.4/../../../../arm-none-eabi/lib/armv6-m\libg_s.a(lib_a-nano-freer.o)
                              c:/freescale/kds_v3/toolchain/bin/../lib/gcc/arm-none-eabi/4.8.4/../../../../arm-none-eabi/lib/armv6-m\libg_s.a(lib_a-malloc.o) (_free_r)
c:/freescale/kds_v3/toolchain/bin/../lib/gcc/arm-none-eabi/4.8.4/../../../../arm-none-eabi/lib/armv6-m\libg_s.a(lib_a-nano-mallocr.o)
                              c:/freescale/kds_v3/toolchain/bin/../lib/gcc/arm-none-eabi/4.8.4/../../../../arm-none-eabi/lib/armv6-m\libg_s.a(lib_a-malloc.o) (_malloc_r)
c:/freescale/kds_v3/toolchain/bin/../lib/gcc/arm-none-eabi/4.8.4/../../../../arm-none-eabi/lib/armv6-m\libg_s.a(lib_a-sbrkr.o)
                              c:/freescale/kds_v3/toolchain/bin/../lib/gcc/arm-none-eabi/4.8.4/../../../../arm-none-eabi/lib/armv6-m\libg_s.a(lib_a-nano-mallocr.o) (_sbrk_r)
c:/freescale/kds_v3/toolchain/bin/../lib/gcc/arm-none-eabi/4.8.4/../../../../arm-none-eabi/lib/armv6-m\libg_s.a(lib_a-reent.o)
                              c:/freescale/kds_v3/toolchain/bin/../lib/gcc/arm-none-eabi/4.8.4/../../../../arm-none-eabi/lib/armv6-m\libg_s.a(lib_a-sbrkr.o) (errno)
c:/freescale/kds_v3/toolchain/bin/../lib/gcc/arm-none-eabi/4.8.4/../../../../arm-none-eabi/lib/armv6-m\libnosys.a(sbrk.o)
                              c:/freescale/kds_v3/toolchain/bin/../lib/gcc/arm-none-eabi/4.8.4/../../../../arm-none-eabi/lib/armv6-m\libg_s.a(lib_a-sbrkr.o) (_sbrk)
c:/freescale/kds_v3/toolchain/bin/../lib/gcc/arm-none-eabi/4.8.4/../../../../arm-none-eabi/lib/armv6-m\libnosys.a(_exit.o)
                              c:/freescale/kds_v3/toolchain/bin/../lib/gcc/arm-none-eabi/4.8.4/../../../../arm-none-eabi/lib/armv6-m\libg_s.a(lib_a-exit.o) (_exit)

Allocating common symbols
Common symbol       size              file

errno               0x4               c:/freescale/kds_v3/toolchain/bin/../lib/gcc/arm-none-eabi/4.8.4/../../../../arm-none-eabi/lib/armv6-m\libg_s.a(lib_a-reent.o)
pkt                 0x4               ./Sources/main.o
message             0x5               ./Sources/main.o
txbuffer            0x14              ./Sources/main.o
rxbuffer            0x14              ./Sources/main.o

Discarded input sections

 .text          0x00000000        0x0 c:/freescale/kds_v3/toolchain/bin/../lib/gcc/arm-none-eabi/4.8.4/armv6-m/crti.o
 .data          0x00000000        0x0 c:/freescale/kds_v3/toolchain/bin/../lib/gcc/arm-none-eabi/4.8.4/armv6-m/crti.o
 .bss           0x00000000        0x0 c:/freescale/kds_v3/toolchain/bin/../lib/gcc/arm-none-eabi/4.8.4/armv6-m/crti.o
 .data          0x00000000        0x4 c:/freescale/kds_v3/toolchain/bin/../lib/gcc/arm-none-eabi/4.8.4/armv6-m/crtbegin.o
 .data          0x00000000        0x0 c:/freescale/kds_v3/toolchain/bin/../lib/gcc/arm-none-eabi/4.8.4/../../../../arm-none-eabi/lib/armv6-m/crt0.o
 .bss           0x00000000        0x0 c:/freescale/kds_v3/toolchain/bin/../lib/gcc/arm-none-eabi/4.8.4/../../../../arm-none-eabi/lib/armv6-m/crt0.o
 .ARM.extab     0x00000000        0x0 c:/freescale/kds_v3/toolchain/bin/../lib/gcc/arm-none-eabi/4.8.4/../../../../arm-none-eabi/lib/armv6-m/crt0.o
 .group         0x00000000        0x8 ./Sources/cbuff.o
 .group         0x00000000        0x8 ./Sources/cbuff.o
 .group         0x00000000        0x8 ./Sources/cbuff.o
 .group         0x00000000        0x8 ./Sources/cbuff.o
 .group         0x00000000        0x8 ./Sources/cbuff.o
 .group         0x00000000        0x8 ./Sources/cbuff.o
 .group         0x00000000        0x8 ./Sources/cbuff.o
 .group         0x00000000        0x8 ./Sources/cbuff.o
 .group         0x00000000        0x8 ./Sources/cbuff.o
 .group         0x00000000        0x8 ./Sources/cbuff.o
 .group         0x00000000        0x8 ./Sources/cbuff.o
 .group         0x00000000        0x8 ./Sources/cbuff.o
 .group         0x00000000        0x8 ./Sources/cbuff.o
 .group         0x00000000        0x8 ./Sources/cbuff.o
 .group         0x00000000        0x8 ./Sources/cbuff.o
 .group         0x00000000        0x8 ./Sources/cbuff.o
 .group         0x00000000        0x8 ./Sources/cbuff.o
 .group         0x00000000        0x8 ./Sources/cbuff.o
 .group         0x00000000        0x8 ./Sources/cbuff.o
 .group         0x00000000        0x8 ./Sources/cbuff.o
 .group         0x00000000        0x8 ./Sources/cbuff.o
 .group         0x00000000        0x8 ./Sources/cbuff.o
 .group         0x00000000        0x8 ./Sources/cbuff.o
 .text          0x00000000        0x0 ./Sources/cbuff.o
 .data          0x00000000        0x0 ./Sources/cbuff.o
 .bss           0x00000000        0x0 ./Sources/cbuff.o
 .text.destroy  0x00000000       0x18 ./Sources/cbuff.o
 .text.fill_buff
                0x00000000       0x58 ./Sources/cbuff.o
 .group         0x00000000        0x8 ./Sources/dma.o
 .group         0x00000000        0x8 ./Sources/dma.o
 .group         0x00000000        0x8 ./Sources/dma.o
 .group         0x00000000        0x8 ./Sources/dma.o
 .group         0x00000000        0x8 ./Sources/dma.o
 .group         0x00000000        0x8 ./Sources/dma.o
 .group         0x00000000        0x8 ./Sources/dma.o
 .group         0x00000000        0x8 ./Sources/dma.o
 .group         0x00000000        0x8 ./Sources/dma.o
 .group         0x00000000        0x8 ./Sources/dma.o
 .group         0x00000000        0x8 ./Sources/dma.o
 .text          0x00000000        0x0 ./Sources/dma.o
 .data          0x00000000        0x0 ./Sources/dma.o
 .bss           0x00000000        0x0 ./Sources/dma.o
 .text.dma8     0x00000000      0x114 ./Sources/dma.o
 .text.dma32    0x00000000      0x244 ./Sources/dma.o
 .text.memmove_dma
                0x00000000       0x44 ./Sources/dma.o
 .text.memzero_dma
                0x00000000       0x54 ./Sources/dma.o
 .debug_info    0x00000000      0x4e1 ./Sources/dma.o
 .debug_abbrev  0x00000000      0x151 ./Sources/dma.o
 .debug_aranges
                0x00000000       0x38 ./Sources/dma.o
 .debug_ranges  0x00000000       0x28 ./Sources/dma.o
 .debug_macro   0x00000000       0x9d ./Sources/dma.o
 .debug_macro   0x00000000      0x802 ./Sources/dma.o
 .debug_macro   0x00000000       0x16 ./Sources/dma.o
 .debug_macro   0x00000000       0x16 ./Sources/dma.o
 .debug_macro   0x00000000       0x44 ./Sources/dma.o
 .debug_macro   0x00000000      0x209 ./Sources/dma.o
 .debug_macro   0x00000000       0x3a ./Sources/dma.o
 .debug_macro   0x00000000       0x3a ./Sources/dma.o
 .debug_macro   0x00000000       0x26 ./Sources/dma.o
 .debug_macro   0x00000000      0x306 ./Sources/dma.o
 .debug_macro   0x00000000       0x63 ./Sources/dma.o
 .debug_macro   0x00000000     0x839f ./Sources/dma.o
 .debug_line    0x00000000      0x24d ./Sources/dma.o
 .debug_str     0x00000000    0x31f16 ./Sources/dma.o
 .comment       0x00000000       0x71 ./Sources/dma.o
 .ARM.attributes
                0x00000000       0x32 ./Sources/dma.o
 .debug_frame   0x00000000       0x90 ./Sources/dma.o
 .group         0x00000000        0x8 ./Sources/main.o
 .group         0x00000000        0x8 ./Sources/main.o
 .group         0x00000000        0x8 ./Sources/main.o
 .group         0x00000000        0x8 ./Sources/main.o
 .group         0x00000000        0x8 ./Sources/main.o
 .group         0x00000000        0x8 ./Sources/main.o
 .group         0x00000000        0x8 ./Sources/main.o
 .group         0x00000000        0x8 ./Sources/main.o
 .group         0x00000000        0x8 ./Sources/main.o
 .group         0x00000000        0x8 ./Sources/main.o
 .group         0x00000000        0x8 ./Sources/main.o
 .group         0x00000000        0x8 ./Sources/main.o
 .group         0x00000000        0x8 ./Sources/main.o
 .group         0x00000000        0x8 ./Sources/main.o
 .group         0x00000000        0x8 ./Sources/main.o
 .group         0x00000000        0x8 ./Sources/main.o
 .group         0x00000000        0x8 ./Sources/main.o
 .group         0x00000000        0x8 ./Sources/main.o
 .group         0x00000000        0x8 ./Sources/main.o
 .group         0x00000000        0x8 ./Sources/main.o
 .group         0x00000000        0x8 ./Sources/main.o
 .group         0x00000000        0x8 ./Sources/main.o
 .group         0x00000000        0x8 ./Sources/main.o
 .group         0x00000000        0x8 ./Sources/main.o
 .group         0x00000000        0x8 ./Sources/main.o
 .group         0x00000000        0x8 ./Sources/main.o
 .group         0x00000000        0x8 ./Sources/main.o
 .group         0x00000000        0x8 ./Sources/main.o
 .text          0x00000000        0x0 ./Sources/main.o
 .data          0x00000000        0x0 ./Sources/main.o
 .bss           0x00000000        0x0 ./Sources/main.o
 .debug_macro   0x00000000      0x802 ./Sources/main.o
 .debug_macro   0x00000000       0x16 ./Sources/main.o
 .debug_macro   0x00000000       0x16 ./Sources/main.o
 .debug_macro   0x00000000       0x44 ./Sources/main.o
 .debug_macro   0x00000000      0x209 ./Sources/main.o
 .debug_macro   0x00000000       0x3a ./Sources/main.o
 .debug_macro   0x00000000       0x3a ./Sources/main.o
 .debug_macro   0x00000000       0x26 ./Sources/main.o
 .debug_macro   0x00000000      0x306 ./Sources/main.o
 .debug_macro   0x00000000       0x63 ./Sources/main.o
 .debug_macro   0x00000000     0x839f ./Sources/main.o
 .debug_macro   0x00000000       0x58 ./Sources/main.o
 .debug_macro   0x00000000       0x35 ./Sources/main.o
 .debug_macro   0x00000000       0xa3 ./Sources/main.o
 .debug_macro   0x00000000       0x16 ./Sources/main.o
 .debug_macro   0x00000000       0x97 ./Sources/main.o
 .debug_macro   0x00000000       0x10 ./Sources/main.o
 .debug_macro   0x00000000       0xef ./Sources/main.o
 .debug_macro   0x00000000       0x52 ./Sources/main.o
 .debug_macro   0x00000000       0x16 ./Sources/main.o
 .debug_macro   0x00000000       0x43 ./Sources/main.o
 .debug_macro   0x00000000      0x180 ./Sources/main.o
 .debug_macro   0x00000000       0x10 ./Sources/main.o
 .debug_macro   0x00000000       0x22 ./Sources/main.o
 .debug_macro   0x00000000       0xbd ./Sources/main.o
 .debug_macro   0x00000000       0x16 ./Sources/main.o
 .debug_macro   0x00000000      0x14a ./Sources/main.o
 .group         0x00000000        0x8 ./Sources/messageint.o
 .group         0x00000000        0x8 ./Sources/messageint.o
 .group         0x00000000        0x8 ./Sources/messageint.o
 .group         0x00000000        0x8 ./Sources/messageint.o
 .group         0x00000000        0x8 ./Sources/messageint.o
 .group         0x00000000        0x8 ./Sources/messageint.o
 .group         0x00000000        0x8 ./Sources/messageint.o
 .group         0x00000000        0x8 ./Sources/messageint.o
 .group         0x00000000        0x8 ./Sources/messageint.o
 .group         0x00000000        0x8 ./Sources/messageint.o
 .group         0x00000000        0x8 ./Sources/messageint.o
 .group         0x00000000        0x8 ./Sources/messageint.o
 .group         0x00000000        0x8 ./Sources/messageint.o
 .group         0x00000000        0x8 ./Sources/messageint.o
 .group         0x00000000        0x8 ./Sources/messageint.o
 .group         0x00000000        0x8 ./Sources/messageint.o
 .group         0x00000000        0x8 ./Sources/messageint.o
 .group         0x00000000        0x8 ./Sources/messageint.o
 .group         0x00000000        0x8 ./Sources/messageint.o
 .group         0x00000000        0x8 ./Sources/messageint.o
 .group         0x00000000        0x8 ./Sources/messageint.o
 .group         0x00000000        0x8 ./Sources/messageint.o
 .group         0x00000000        0x8 ./Sources/messageint.o
 .text          0x00000000        0x0 ./Sources/messageint.o
 .data          0x00000000        0x0 ./Sources/messageint.o
 .bss           0x00000000        0x0 ./Sources/messageint.o
 .debug_macro   0x00000000      0x802 ./Sources/messageint.o
 .debug_macro   0x00000000       0x16 ./Sources/messageint.o
 .debug_macro   0x00000000       0x16 ./Sources/messageint.o
 .debug_macro   0x00000000       0x44 ./Sources/messageint.o
 .debug_macro   0x00000000      0x209 ./Sources/messageint.o
 .debug_macro   0x00000000       0x3a ./Sources/messageint.o
 .debug_macro   0x00000000       0x3a ./Sources/messageint.o
 .debug_macro   0x00000000       0x26 ./Sources/messageint.o
 .debug_macro   0x00000000      0x306 ./Sources/messageint.o
 .debug_macro   0x00000000       0x63 ./Sources/messageint.o
 .debug_macro   0x00000000     0x839f ./Sources/messageint.o
 .debug_macro   0x00000000       0x58 ./Sources/messageint.o
 .debug_macro   0x00000000       0x35 ./Sources/messageint.o
 .debug_macro   0x00000000       0xa3 ./Sources/messageint.o
 .debug_macro   0x00000000       0x52 ./Sources/messageint.o
 .debug_macro   0x00000000       0x16 ./Sources/messageint.o
 .debug_macro   0x00000000       0x43 ./Sources/messageint.o
 .debug_macro   0x00000000      0x180 ./Sources/messageint.o
 .debug_macro   0x00000000       0x35 ./Sources/messageint.o
 .debug_macro   0x00000000       0x10 ./Sources/messageint.o
 .group         0x00000000        0x8 ./Sources/nRF24L01.o
 .group         0x00000000        0x8 ./Sources/nRF24L01.o
 .group         0x00000000        0x8 ./Sources/nRF24L01.o
 .group         0x00000000        0x8 ./Sources/nRF24L01.o
 .group         0x00000000        0x8 ./Sources/nRF24L01.o
 .group         0x00000000        0x8 ./Sources/nRF24L01.o
 .group         0x00000000        0x8 ./Sources/nRF24L01.o
 .group         0x00000000        0x8 ./Sources/nRF24L01.o
 .group         0x00000000        0x8 ./Sources/nRF24L01.o
 .group         0x00000000        0x8 ./Sources/nRF24L01.o
 .group         0x00000000        0x8 ./Sources/nRF24L01.o
 .group         0x00000000        0x8 ./Sources/nRF24L01.o
 .text          0x00000000        0x0 ./Sources/nRF24L01.o
 .data          0x00000000        0x0 ./Sources/nRF24L01.o
 .bss           0x00000000        0x0 ./Sources/nRF24L01.o
 .text.ce_low   0x00000000       0x14 ./Sources/nRF24L01.o
 .text.ce_high  0x00000000       0x14 ./Sources/nRF24L01.o
 .text.write_reg
                0x00000000       0x50 ./Sources/nRF24L01.o
 .text.read_reg
                0x00000000       0x40 ./Sources/nRF24L01.o
 .debug_info    0x00000000      0x1c3 ./Sources/nRF24L01.o
 .debug_abbrev  0x00000000      0x102 ./Sources/nRF24L01.o
 .debug_aranges
                0x00000000       0x38 ./Sources/nRF24L01.o
 .debug_ranges  0x00000000       0x28 ./Sources/nRF24L01.o
 .debug_macro   0x00000000       0x9a ./Sources/nRF24L01.o
 .debug_macro   0x00000000      0x802 ./Sources/nRF24L01.o
 .debug_macro   0x00000000       0x16 ./Sources/nRF24L01.o
 .debug_macro   0x00000000       0x16 ./Sources/nRF24L01.o
 .debug_macro   0x00000000       0x44 ./Sources/nRF24L01.o
 .debug_macro   0x00000000      0x209 ./Sources/nRF24L01.o
 .debug_macro   0x00000000       0x3a ./Sources/nRF24L01.o
 .debug_macro   0x00000000       0x3a ./Sources/nRF24L01.o
 .debug_macro   0x00000000       0x26 ./Sources/nRF24L01.o
 .debug_macro   0x00000000      0x306 ./Sources/nRF24L01.o
 .debug_macro   0x00000000       0x63 ./Sources/nRF24L01.o
 .debug_macro   0x00000000     0x839f ./Sources/nRF24L01.o
 .debug_macro   0x00000000      0x220 ./Sources/nRF24L01.o
 .debug_line    0x00000000      0x21f ./Sources/nRF24L01.o
 .debug_str     0x00000000    0x3238c ./Sources/nRF24L01.o
 .comment       0x00000000       0x71 ./Sources/nRF24L01.o
 .ARM.attributes
                0x00000000       0x32 ./Sources/nRF24L01.o
 .debug_frame   0x00000000       0x88 ./Sources/nRF24L01.o
 .group         0x00000000        0x8 ./Sources/profiler.o
 .group         0x00000000        0x8 ./Sources/profiler.o
 .group         0x00000000        0x8 ./Sources/profiler.o
 .group         0x00000000        0x8 ./Sources/profiler.o
 .group         0x00000000        0x8 ./Sources/profiler.o
 .group         0x00000000        0x8 ./Sources/profiler.o
 .group         0x00000000        0x8 ./Sources/profiler.o
 .group         0x00000000        0x8 ./Sources/profiler.o
 .group         0x00000000        0x8 ./Sources/profiler.o
 .group         0x00000000        0x8 ./Sources/profiler.o
 .group         0x00000000        0x8 ./Sources/profiler.o
 .text          0x00000000        0x0 ./Sources/profiler.o
 .data          0x00000000        0x0 ./Sources/profiler.o
 .bss           0x00000000        0x0 ./Sources/profiler.o
 .text.initialize_counter
                0x00000000       0x50 ./Sources/profiler.o
 .text.counter_start
                0x00000000       0x18 ./Sources/profiler.o
 .text.counter_stop
                0x00000000       0x14 ./Sources/profiler.o
 .debug_info    0x00000000      0x390 ./Sources/profiler.o
 .debug_abbrev  0x00000000       0xcd ./Sources/profiler.o
 .debug_aranges
                0x00000000       0x30 ./Sources/profiler.o
 .debug_ranges  0x00000000       0x20 ./Sources/profiler.o
 .debug_macro   0x00000000       0x8d ./Sources/profiler.o
 .debug_macro   0x00000000      0x802 ./Sources/profiler.o
 .debug_macro   0x00000000       0x16 ./Sources/profiler.o
 .debug_macro   0x00000000       0x16 ./Sources/profiler.o
 .debug_macro   0x00000000       0x44 ./Sources/profiler.o
 .debug_macro   0x00000000      0x209 ./Sources/profiler.o
 .debug_macro   0x00000000       0x3a ./Sources/profiler.o
 .debug_macro   0x00000000       0x3a ./Sources/profiler.o
 .debug_macro   0x00000000       0x26 ./Sources/profiler.o
 .debug_macro   0x00000000      0x306 ./Sources/profiler.o
 .debug_macro   0x00000000       0x63 ./Sources/profiler.o
 .debug_macro   0x00000000     0x839f ./Sources/profiler.o
 .debug_line    0x00000000      0x203 ./Sources/profiler.o
 .debug_str     0x00000000    0x31f0a ./Sources/profiler.o
 .comment       0x00000000       0x71 ./Sources/profiler.o
 .ARM.attributes
                0x00000000       0x32 ./Sources/profiler.o
 .debug_frame   0x00000000       0x64 ./Sources/profiler.o
 .group         0x00000000        0x8 ./Sources/pwm.o
 .group         0x00000000        0x8 ./Sources/pwm.o
 .group         0x00000000        0x8 ./Sources/pwm.o
 .group         0x00000000        0x8 ./Sources/pwm.o
 .group         0x00000000        0x8 ./Sources/pwm.o
 .group         0x00000000        0x8 ./Sources/pwm.o
 .group         0x00000000        0x8 ./Sources/pwm.o
 .group         0x00000000        0x8 ./Sources/pwm.o
 .group         0x00000000        0x8 ./Sources/pwm.o
 .group         0x00000000        0x8 ./Sources/pwm.o
 .group         0x00000000        0x8 ./Sources/pwm.o
 .group         0x00000000        0x8 ./Sources/pwm.o
 .group         0x00000000        0x8 ./Sources/pwm.o
 .group         0x00000000        0x8 ./Sources/pwm.o
 .group         0x00000000        0x8 ./Sources/pwm.o
 .group         0x00000000        0x8 ./Sources/pwm.o
 .group         0x00000000        0x8 ./Sources/pwm.o
 .group         0x00000000        0x8 ./Sources/pwm.o
 .group         0x00000000        0x8 ./Sources/pwm.o
 .group         0x00000000        0x8 ./Sources/pwm.o
 .text          0x00000000        0x0 ./Sources/pwm.o
 .data          0x00000000        0x0 ./Sources/pwm.o
 .bss           0x00000000        0x0 ./Sources/pwm.o
 .bss.LEDColour
                0x00000000        0x1 ./Sources/pwm.o
 .data.value    0x00000000        0x2 ./Sources/pwm.o
 .text.LED_ctrl
                0x00000000       0xb4 ./Sources/pwm.o
 .debug_macro   0x00000000      0x802 ./Sources/pwm.o
 .debug_macro   0x00000000       0x16 ./Sources/pwm.o
 .debug_macro   0x00000000       0x16 ./Sources/pwm.o
 .debug_macro   0x00000000       0x44 ./Sources/pwm.o
 .debug_macro   0x00000000      0x209 ./Sources/pwm.o
 .debug_macro   0x00000000       0x3a ./Sources/pwm.o
 .debug_macro   0x00000000       0x3a ./Sources/pwm.o
 .debug_macro   0x00000000       0x26 ./Sources/pwm.o
 .debug_macro   0x00000000      0x306 ./Sources/pwm.o
 .debug_macro   0x00000000       0x63 ./Sources/pwm.o
 .debug_macro   0x00000000     0x839f ./Sources/pwm.o
 .debug_macro   0x00000000       0x58 ./Sources/pwm.o
 .debug_macro   0x00000000       0x35 ./Sources/pwm.o
 .debug_macro   0x00000000       0xa3 ./Sources/pwm.o
 .debug_macro   0x00000000      0x166 ./Sources/pwm.o
 .debug_macro   0x00000000       0x52 ./Sources/pwm.o
 .debug_macro   0x00000000       0x16 ./Sources/pwm.o
 .debug_macro   0x00000000       0x43 ./Sources/pwm.o
 .debug_macro   0x00000000      0x180 ./Sources/pwm.o
 .group         0x00000000        0x8 ./Sources/spi.o
 .group         0x00000000        0x8 ./Sources/spi.o
 .group         0x00000000        0x8 ./Sources/spi.o
 .group         0x00000000        0x8 ./Sources/spi.o
 .group         0x00000000        0x8 ./Sources/spi.o
 .group         0x00000000        0x8 ./Sources/spi.o
 .group         0x00000000        0x8 ./Sources/spi.o
 .group         0x00000000        0x8 ./Sources/spi.o
 .group         0x00000000        0x8 ./Sources/spi.o
 .group         0x00000000        0x8 ./Sources/spi.o
 .group         0x00000000        0x8 ./Sources/spi.o
 .text          0x00000000        0x0 ./Sources/spi.o
 .data          0x00000000        0x0 ./Sources/spi.o
 .bss           0x00000000        0x0 ./Sources/spi.o
 .text.SPI_init
                0x00000000       0x8c ./Sources/spi.o
 .text.spi_datatransfer
                0x00000000       0x48 ./Sources/spi.o
 .text.cs_low   0x00000000       0x14 ./Sources/spi.o
 .text.cs_high  0x00000000       0x14 ./Sources/spi.o
 .debug_info    0x00000000      0x451 ./Sources/spi.o
 .debug_abbrev  0x00000000       0xfa ./Sources/spi.o
 .debug_aranges
                0x00000000       0x38 ./Sources/spi.o
 .debug_ranges  0x00000000       0x28 ./Sources/spi.o
 .debug_macro   0x00000000       0x8d ./Sources/spi.o
 .debug_macro   0x00000000      0x802 ./Sources/spi.o
 .debug_macro   0x00000000       0x16 ./Sources/spi.o
 .debug_macro   0x00000000       0x16 ./Sources/spi.o
 .debug_macro   0x00000000       0x44 ./Sources/spi.o
 .debug_macro   0x00000000      0x209 ./Sources/spi.o
 .debug_macro   0x00000000       0x3a ./Sources/spi.o
 .debug_macro   0x00000000       0x3a ./Sources/spi.o
 .debug_macro   0x00000000       0x26 ./Sources/spi.o
 .debug_macro   0x00000000      0x306 ./Sources/spi.o
 .debug_macro   0x00000000       0x63 ./Sources/spi.o
 .debug_macro   0x00000000     0x839f ./Sources/spi.o
 .debug_line    0x00000000      0x21d ./Sources/spi.o
 .debug_str     0x00000000    0x31f21 ./Sources/spi.o
 .comment       0x00000000       0x71 ./Sources/spi.o
 .ARM.attributes
                0x00000000       0x32 ./Sources/spi.o
 .debug_frame   0x00000000       0x84 ./Sources/spi.o
 .group         0x00000000        0x8 ./Sources/uart.o
 .group         0x00000000        0x8 ./Sources/uart.o
 .group         0x00000000        0x8 ./Sources/uart.o
 .group         0x00000000        0x8 ./Sources/uart.o
 .group         0x00000000        0x8 ./Sources/uart.o
 .group         0x00000000        0x8 ./Sources/uart.o
 .group         0x00000000        0x8 ./Sources/uart.o
 .group         0x00000000        0x8 ./Sources/uart.o
 .group         0x00000000        0x8 ./Sources/uart.o
 .group         0x00000000        0x8 ./Sources/uart.o
 .group         0x00000000        0x8 ./Sources/uart.o
 .text          0x00000000        0x0 ./Sources/uart.o
 .data          0x00000000        0x0 ./Sources/uart.o
 .bss           0x00000000        0x0 ./Sources/uart.o
 .text.send_char
                0x00000000       0x30 ./Sources/uart.o
 .text.send_string
                0x00000000       0x38 ./Sources/uart.o
 .text.delayMs  0x00000000       0x38 ./Sources/uart.o
 .debug_macro   0x00000000      0x802 ./Sources/uart.o
 .debug_macro   0x00000000       0x16 ./Sources/uart.o
 .debug_macro   0x00000000       0x16 ./Sources/uart.o
 .debug_macro   0x00000000       0x44 ./Sources/uart.o
 .debug_macro   0x00000000      0x209 ./Sources/uart.o
 .debug_macro   0x00000000       0x3a ./Sources/uart.o
 .debug_macro   0x00000000       0x3a ./Sources/uart.o
 .debug_macro   0x00000000       0x26 ./Sources/uart.o
 .debug_macro   0x00000000      0x306 ./Sources/uart.o
 .debug_macro   0x00000000       0x63 ./Sources/uart.o
 .debug_macro   0x00000000     0x839f ./Sources/uart.o
 .data          0x00000000        0x0 ./Project_Settings/Startup_Code/startup_MKL25Z4.o
 .bss           0x00000000        0x0 ./Project_Settings/Startup_Code/startup_MKL25Z4.o
 .group         0x00000000        0x8 ./Project_Settings/Startup_Code/system_MKL25Z4.o
 .group         0x00000000        0x8 ./Project_Settings/Startup_Code/system_MKL25Z4.o
 .group         0x00000000        0x8 ./Project_Settings/Startup_Code/system_MKL25Z4.o
 .group         0x00000000        0x8 ./Project_Settings/Startup_Code/system_MKL25Z4.o
 .group         0x00000000        0x8 ./Project_Settings/Startup_Code/system_MKL25Z4.o
 .group         0x00000000        0x8 ./Project_Settings/Startup_Code/system_MKL25Z4.o
 .group         0x00000000        0x8 ./Project_Settings/Startup_Code/system_MKL25Z4.o
 .group         0x00000000        0x8 ./Project_Settings/Startup_Code/system_MKL25Z4.o
 .group         0x00000000        0x8 ./Project_Settings/Startup_Code/system_MKL25Z4.o
 .group         0x00000000        0x8 ./Project_Settings/Startup_Code/system_MKL25Z4.o
 .text          0x00000000        0x0 ./Project_Settings/Startup_Code/system_MKL25Z4.o
 .data          0x00000000        0x0 ./Project_Settings/Startup_Code/system_MKL25Z4.o
 .bss           0x00000000        0x0 ./Project_Settings/Startup_Code/system_MKL25Z4.o
 .data.SystemCoreClock
                0x00000000        0x4 ./Project_Settings/Startup_Code/system_MKL25Z4.o
 .text.SystemCoreClockUpdate
                0x00000000      0x23c ./Project_Settings/Startup_Code/system_MKL25Z4.o
 .debug_macro   0x00000000      0x802 ./Project_Settings/Startup_Code/system_MKL25Z4.o
 .debug_macro   0x00000000       0x16 ./Project_Settings/Startup_Code/system_MKL25Z4.o
 .debug_macro   0x00000000       0x44 ./Project_Settings/Startup_Code/system_MKL25Z4.o
 .debug_macro   0x00000000      0x209 ./Project_Settings/Startup_Code/system_MKL25Z4.o
 .debug_macro   0x00000000       0x3a ./Project_Settings/Startup_Code/system_MKL25Z4.o
 .debug_macro   0x00000000       0x26 ./Project_Settings/Startup_Code/system_MKL25Z4.o
 .debug_macro   0x00000000      0x306 ./Project_Settings/Startup_Code/system_MKL25Z4.o
 .debug_macro   0x00000000       0x63 ./Project_Settings/Startup_Code/system_MKL25Z4.o
 .debug_macro   0x00000000     0x839f ./Project_Settings/Startup_Code/system_MKL25Z4.o
 .group         0x00000000        0x8 ./.metadata/.plugins/org.eclipse.cdt.make.core/specs.o
 .text          0x00000000        0x0 ./.metadata/.plugins/org.eclipse.cdt.make.core/specs.o
 .data          0x00000000        0x0 ./.metadata/.plugins/org.eclipse.cdt.make.core/specs.o
 .bss           0x00000000        0x0 ./.metadata/.plugins/org.eclipse.cdt.make.core/specs.o
 .debug_info    0x00000000       0x21 ./.metadata/.plugins/org.eclipse.cdt.make.core/specs.o
 .debug_abbrev  0x00000000       0x13 ./.metadata/.plugins/org.eclipse.cdt.make.core/specs.o
 .debug_aranges
                0x00000000       0x18 ./.metadata/.plugins/org.eclipse.cdt.make.core/specs.o
 .debug_macro   0x00000000       0x11 ./.metadata/.plugins/org.eclipse.cdt.make.core/specs.o
 .debug_macro   0x00000000      0x802 ./.metadata/.plugins/org.eclipse.cdt.make.core/specs.o
 .debug_line    0x00000000       0x58 ./.metadata/.plugins/org.eclipse.cdt.make.core/specs.o
 .debug_str     0x00000000     0x22ff ./.metadata/.plugins/org.eclipse.cdt.make.core/specs.o
 .comment       0x00000000       0x71 ./.metadata/.plugins/org.eclipse.cdt.make.core/specs.o
 .ARM.attributes
                0x00000000       0x32 ./.metadata/.plugins/org.eclipse.cdt.make.core/specs.o
 .text          0x00000000       0x9c c:/freescale/kds_v3/toolchain/bin/../lib/gcc/arm-none-eabi/4.8.4/armv6-m\libgcc.a(_udivsi3.o)
 .data          0x00000000        0x0 c:/freescale/kds_v3/toolchain/bin/../lib/gcc/arm-none-eabi/4.8.4/armv6-m\libgcc.a(_udivsi3.o)
 .bss           0x00000000        0x0 c:/freescale/kds_v3/toolchain/bin/../lib/gcc/arm-none-eabi/4.8.4/armv6-m\libgcc.a(_udivsi3.o)
 .debug_frame   0x00000000       0x20 c:/freescale/kds_v3/toolchain/bin/../lib/gcc/arm-none-eabi/4.8.4/armv6-m\libgcc.a(_udivsi3.o)
 .ARM.attributes
                0x00000000       0x1e c:/freescale/kds_v3/toolchain/bin/../lib/gcc/arm-none-eabi/4.8.4/armv6-m\libgcc.a(_udivsi3.o)
 .text          0x00000000        0x4 c:/freescale/kds_v3/toolchain/bin/../lib/gcc/arm-none-eabi/4.8.4/armv6-m\libgcc.a(_dvmd_tls.o)
 .data          0x00000000        0x0 c:/freescale/kds_v3/toolchain/bin/../lib/gcc/arm-none-eabi/4.8.4/armv6-m\libgcc.a(_dvmd_tls.o)
 .bss           0x00000000        0x0 c:/freescale/kds_v3/toolchain/bin/../lib/gcc/arm-none-eabi/4.8.4/armv6-m\libgcc.a(_dvmd_tls.o)
 .ARM.attributes
                0x00000000       0x1e c:/freescale/kds_v3/toolchain/bin/../lib/gcc/arm-none-eabi/4.8.4/armv6-m\libgcc.a(_dvmd_tls.o)
 .text          0x00000000        0x0 c:/freescale/kds_v3/toolchain/bin/../lib/gcc/arm-none-eabi/4.8.4/../../../../arm-none-eabi/lib/armv6-m\libg_s.a(lib_a-exit.o)
 .data          0x00000000        0x0 c:/freescale/kds_v3/toolchain/bin/../lib/gcc/arm-none-eabi/4.8.4/../../../../arm-none-eabi/lib/armv6-m\libg_s.a(lib_a-exit.o)
 .bss           0x00000000        0x0 c:/freescale/kds_v3/toolchain/bin/../lib/gcc/arm-none-eabi/4.8.4/../../../../arm-none-eabi/lib/armv6-m\libg_s.a(lib_a-exit.o)
 .text          0x00000000        0x0 c:/freescale/kds_v3/toolchain/bin/../lib/gcc/arm-none-eabi/4.8.4/../../../../arm-none-eabi/lib/armv6-m\libg_s.a(lib_a-impure.o)
 .data          0x00000000        0x0 c:/freescale/kds_v3/toolchain/bin/../lib/gcc/arm-none-eabi/4.8.4/../../../../arm-none-eabi/lib/armv6-m\libg_s.a(lib_a-impure.o)
 .bss           0x00000000        0x0 c:/freescale/kds_v3/toolchain/bin/../lib/gcc/arm-none-eabi/4.8.4/../../../../arm-none-eabi/lib/armv6-m\libg_s.a(lib_a-impure.o)
 .text          0x00000000        0x0 c:/freescale/kds_v3/toolchain/bin/../lib/gcc/arm-none-eabi/4.8.4/../../../../arm-none-eabi/lib/armv6-m\libg_s.a(lib_a-init.o)
 .data          0x00000000        0x0 c:/freescale/kds_v3/toolchain/bin/../lib/gcc/arm-none-eabi/4.8.4/../../../../arm-none-eabi/lib/armv6-m\libg_s.a(lib_a-init.o)
 .bss           0x00000000        0x0 c:/freescale/kds_v3/toolchain/bin/../lib/gcc/arm-none-eabi/4.8.4/../../../../arm-none-eabi/lib/armv6-m\libg_s.a(lib_a-init.o)
 .text          0x00000000        0x0 c:/freescale/kds_v3/toolchain/bin/../lib/gcc/arm-none-eabi/4.8.4/../../../../arm-none-eabi/lib/armv6-m\libg_s.a(lib_a-malloc.o)
 .data          0x00000000        0x0 c:/freescale/kds_v3/toolchain/bin/../lib/gcc/arm-none-eabi/4.8.4/../../../../arm-none-eabi/lib/armv6-m\libg_s.a(lib_a-malloc.o)
 .bss           0x00000000        0x0 c:/freescale/kds_v3/toolchain/bin/../lib/gcc/arm-none-eabi/4.8.4/../../../../arm-none-eabi/lib/armv6-m\libg_s.a(lib_a-malloc.o)
 .text.free     0x00000000       0x14 c:/freescale/kds_v3/toolchain/bin/../lib/gcc/arm-none-eabi/4.8.4/../../../../arm-none-eabi/lib/armv6-m\libg_s.a(lib_a-malloc.o)
 .text          0x00000000        0x0 c:/freescale/kds_v3/toolchain/bin/../lib/gcc/arm-none-eabi/4.8.4/../../../../arm-none-eabi/lib/armv6-m\libg_s.a(lib_a-memset.o)
 .data          0x00000000        0x0 c:/freescale/kds_v3/toolchain/bin/../lib/gcc/arm-none-eabi/4.8.4/../../../../arm-none-eabi/lib/armv6-m\libg_s.a(lib_a-memset.o)
 .bss           0x00000000        0x0 c:/freescale/kds_v3/toolchain/bin/../lib/gcc/arm-none-eabi/4.8.4/../../../../arm-none-eabi/lib/armv6-m\libg_s.a(lib_a-memset.o)
 .text          0x00000000        0x0 c:/freescale/kds_v3/toolchain/bin/../lib/gcc/arm-none-eabi/4.8.4/../../../../arm-none-eabi/lib/armv6-m\libg_s.a(lib_a-nano-freer.o)
 .data          0x00000000        0x0 c:/freescale/kds_v3/toolchain/bin/../lib/gcc/arm-none-eabi/4.8.4/../../../../arm-none-eabi/lib/armv6-m\libg_s.a(lib_a-nano-freer.o)
 .bss           0x00000000        0x0 c:/freescale/kds_v3/toolchain/bin/../lib/gcc/arm-none-eabi/4.8.4/../../../../arm-none-eabi/lib/armv6-m\libg_s.a(lib_a-nano-freer.o)
 .text._free_r  0x00000000       0x90 c:/freescale/kds_v3/toolchain/bin/../lib/gcc/arm-none-eabi/4.8.4/../../../../arm-none-eabi/lib/armv6-m\libg_s.a(lib_a-nano-freer.o)
 .ARM.attributes
                0x00000000       0x2c c:/freescale/kds_v3/toolchain/bin/../lib/gcc/arm-none-eabi/4.8.4/../../../../arm-none-eabi/lib/armv6-m\libg_s.a(lib_a-nano-freer.o)
 .debug_frame   0x00000000       0x2c c:/freescale/kds_v3/toolchain/bin/../lib/gcc/arm-none-eabi/4.8.4/../../../../arm-none-eabi/lib/armv6-m\libg_s.a(lib_a-nano-freer.o)
 .text          0x00000000        0x0 c:/freescale/kds_v3/toolchain/bin/../lib/gcc/arm-none-eabi/4.8.4/../../../../arm-none-eabi/lib/armv6-m\libg_s.a(lib_a-nano-mallocr.o)
 .data          0x00000000        0x0 c:/freescale/kds_v3/toolchain/bin/../lib/gcc/arm-none-eabi/4.8.4/../../../../arm-none-eabi/lib/armv6-m\libg_s.a(lib_a-nano-mallocr.o)
 .bss           0x00000000        0x0 c:/freescale/kds_v3/toolchain/bin/../lib/gcc/arm-none-eabi/4.8.4/../../../../arm-none-eabi/lib/armv6-m\libg_s.a(lib_a-nano-mallocr.o)
 .text          0x00000000        0x0 c:/freescale/kds_v3/toolchain/bin/../lib/gcc/arm-none-eabi/4.8.4/../../../../arm-none-eabi/lib/armv6-m\libg_s.a(lib_a-sbrkr.o)
 .data          0x00000000        0x0 c:/freescale/kds_v3/toolchain/bin/../lib/gcc/arm-none-eabi/4.8.4/../../../../arm-none-eabi/lib/armv6-m\libg_s.a(lib_a-sbrkr.o)
 .bss           0x00000000        0x0 c:/freescale/kds_v3/toolchain/bin/../lib/gcc/arm-none-eabi/4.8.4/../../../../arm-none-eabi/lib/armv6-m\libg_s.a(lib_a-sbrkr.o)
 .text          0x00000000        0x0 c:/freescale/kds_v3/toolchain/bin/../lib/gcc/arm-none-eabi/4.8.4/../../../../arm-none-eabi/lib/armv6-m\libg_s.a(lib_a-reent.o)
 .data          0x00000000        0x0 c:/freescale/kds_v3/toolchain/bin/../lib/gcc/arm-none-eabi/4.8.4/../../../../arm-none-eabi/lib/armv6-m\libg_s.a(lib_a-reent.o)
 .bss           0x00000000        0x0 c:/freescale/kds_v3/toolchain/bin/../lib/gcc/arm-none-eabi/4.8.4/../../../../arm-none-eabi/lib/armv6-m\libg_s.a(lib_a-reent.o)
 .text.cleanup_glue
                0x00000000       0x1a c:/freescale/kds_v3/toolchain/bin/../lib/gcc/arm-none-eabi/4.8.4/../../../../arm-none-eabi/lib/armv6-m\libg_s.a(lib_a-reent.o)
 .text._reclaim_reent
                0x00000000       0xcc c:/freescale/kds_v3/toolchain/bin/../lib/gcc/arm-none-eabi/4.8.4/../../../../arm-none-eabi/lib/armv6-m\libg_s.a(lib_a-reent.o)
 .text          0x00000000        0x0 c:/freescale/kds_v3/toolchain/bin/../lib/gcc/arm-none-eabi/4.8.4/../../../../arm-none-eabi/lib/armv6-m\libnosys.a(sbrk.o)
 .data          0x00000000        0x0 c:/freescale/kds_v3/toolchain/bin/../lib/gcc/arm-none-eabi/4.8.4/../../../../arm-none-eabi/lib/armv6-m\libnosys.a(sbrk.o)
 .bss           0x00000000        0x0 c:/freescale/kds_v3/toolchain/bin/../lib/gcc/arm-none-eabi/4.8.4/../../../../arm-none-eabi/lib/armv6-m\libnosys.a(sbrk.o)
 .text          0x00000000        0x0 c:/freescale/kds_v3/toolchain/bin/../lib/gcc/arm-none-eabi/4.8.4/../../../../arm-none-eabi/lib/armv6-m\libnosys.a(_exit.o)
 .data          0x00000000        0x0 c:/freescale/kds_v3/toolchain/bin/../lib/gcc/arm-none-eabi/4.8.4/../../../../arm-none-eabi/lib/armv6-m\libnosys.a(_exit.o)
 .bss           0x00000000        0x0 c:/freescale/kds_v3/toolchain/bin/../lib/gcc/arm-none-eabi/4.8.4/../../../../arm-none-eabi/lib/armv6-m\libnosys.a(_exit.o)
 .text          0x00000000        0x0 c:/freescale/kds_v3/toolchain/bin/../lib/gcc/arm-none-eabi/4.8.4/armv6-m/crtend.o
 .data          0x00000000        0x0 c:/freescale/kds_v3/toolchain/bin/../lib/gcc/arm-none-eabi/4.8.4/armv6-m/crtend.o
 .bss           0x00000000        0x0 c:/freescale/kds_v3/toolchain/bin/../lib/gcc/arm-none-eabi/4.8.4/armv6-m/crtend.o
 .eh_frame      0x00000000        0x4 c:/freescale/kds_v3/toolchain/bin/../lib/gcc/arm-none-eabi/4.8.4/armv6-m/crtend.o
 .text          0x00000000        0x0 c:/freescale/kds_v3/toolchain/bin/../lib/gcc/arm-none-eabi/4.8.4/armv6-m/crtn.o
 .data          0x00000000        0x0 c:/freescale/kds_v3/toolchain/bin/../lib/gcc/arm-none-eabi/4.8.4/armv6-m/crtn.o
 .bss           0x00000000        0x0 c:/freescale/kds_v3/toolchain/bin/../lib/gcc/arm-none-eabi/4.8.4/armv6-m/crtn.o

Memory Configuration

Name             Origin             Length             Attributes
m_interrupts     0x00000000         0x00000100         xr
m_flash_config   0x00000400         0x00000010         xr
m_text           0x00000410         0x0001fbf0         xr
m_data           0x1ffff000         0x00004000         rw
*default*        0x00000000         0xffffffff

Linker script and memory map

LOAD c:/freescale/kds_v3/toolchain/bin/../lib/gcc/arm-none-eabi/4.8.4/armv6-m/crti.o
LOAD c:/freescale/kds_v3/toolchain/bin/../lib/gcc/arm-none-eabi/4.8.4/armv6-m/crtbegin.o
LOAD c:/freescale/kds_v3/toolchain/bin/../lib/gcc/arm-none-eabi/4.8.4/../../../../arm-none-eabi/lib/armv6-m/crt0.o
LOAD ./Sources/cbuff.o
LOAD ./Sources/dma.o
LOAD ./Sources/main.o
LOAD ./Sources/messageint.o
LOAD ./Sources/nRF24L01.o
LOAD ./Sources/profiler.o
LOAD ./Sources/pwm.o
LOAD ./Sources/spi.o
LOAD ./Sources/uart.o
LOAD ./Project_Settings/Startup_Code/startup_MKL25Z4.o
LOAD ./Project_Settings/Startup_Code/system_MKL25Z4.o
LOAD ./.metadata/.plugins/org.eclipse.cdt.make.core/specs.o
LOAD c:/freescale/kds_v3/toolchain/bin/../lib/gcc/arm-none-eabi/4.8.4/../../../../arm-none-eabi/lib/armv6-m\libstdc++_s.a
LOAD c:/freescale/kds_v3/toolchain/bin/../lib/gcc/arm-none-eabi/4.8.4/../../../../arm-none-eabi/lib/armv6-m\libm.a
START GROUP
LOAD c:/freescale/kds_v3/toolchain/bin/../lib/gcc/arm-none-eabi/4.8.4/armv6-m\libgcc.a
LOAD c:/freescale/kds_v3/toolchain/bin/../lib/gcc/arm-none-eabi/4.8.4/../../../../arm-none-eabi/lib/armv6-m\libg_s.a
LOAD c:/freescale/kds_v3/toolchain/bin/../lib/gcc/arm-none-eabi/4.8.4/../../../../arm-none-eabi/lib/armv6-m\libc_s.a
END GROUP
START GROUP
LOAD c:/freescale/kds_v3/toolchain/bin/../lib/gcc/arm-none-eabi/4.8.4/armv6-m\libgcc.a
LOAD c:/freescale/kds_v3/toolchain/bin/../lib/gcc/arm-none-eabi/4.8.4/../../../../arm-none-eabi/lib/armv6-m\libc_s.a
LOAD c:/freescale/kds_v3/toolchain/bin/../lib/gcc/arm-none-eabi/4.8.4/../../../../arm-none-eabi/lib/armv6-m\libnosys.a
END GROUP
START GROUP
LOAD c:/freescale/kds_v3/toolchain/bin/../lib/gcc/arm-none-eabi/4.8.4/armv6-m\libgcc.a
LOAD c:/freescale/kds_v3/toolchain/bin/../lib/gcc/arm-none-eabi/4.8.4/../../../../arm-none-eabi/lib/armv6-m\libc_s.a
LOAD c:/freescale/kds_v3/toolchain/bin/../lib/gcc/arm-none-eabi/4.8.4/../../../../arm-none-eabi/lib/armv6-m\libnosys.a
END GROUP
LOAD c:/freescale/kds_v3/toolchain/bin/../lib/gcc/arm-none-eabi/4.8.4/armv6-m/crtend.o
LOAD c:/freescale/kds_v3/toolchain/bin/../lib/gcc/arm-none-eabi/4.8.4/armv6-m/crtn.o
                0x00000400                HEAP_SIZE = DEFINED (__heap_size__)?__heap_size__:0x400
                0x00000400                STACK_SIZE = DEFINED (__stack_size__)?__stack_size__:0x400

.interrupts     0x00000000       0xc0
                0x00000000                __VECTOR_TABLE = .
                0x00000000                . = ALIGN (0x4)
 *(.isr_vector)
 .isr_vector    0x00000000       0xc0 ./Project_Settings/Startup_Code/startup_MKL25Z4.o
                0x00000000                __isr_vector
                0x000000c0                . = ALIGN (0x4)

.flash_config   0x00000400       0x10
                0x00000400                . = ALIGN (0x4)
 *(.FlashConfig)
 .FlashConfig   0x00000400       0x10 ./Project_Settings/Startup_Code/startup_MKL25Z4.o
                0x00000410                . = ALIGN (0x4)

.text           0x00000410      0xa48
                0x00000410                . = ALIGN (0x4)
 *(.text)
 .text          0x00000410       0x60 c:/freescale/kds_v3/toolchain/bin/../lib/gcc/arm-none-eabi/4.8.4/armv6-m/crtbegin.o
 .text          0x00000470       0x78 c:/freescale/kds_v3/toolchain/bin/../lib/gcc/arm-none-eabi/4.8.4/../../../../arm-none-eabi/lib/armv6-m/crt0.o
                0x00000470                _start
                0x00000470                _mainCRTStartup
 .text          0x000004e8       0x34 ./Project_Settings/Startup_Code/startup_MKL25Z4.o
                0x000004e8                Reset_Handler
                0x00000514                HardFault_Handler
                0x00000514                SysTick_Handler
                0x00000514                PendSV_Handler
                0x00000514                NMI_Handler
                0x00000514                I2C1_IRQHandler
                0x00000514                UART1_IRQHandler
                0x00000514                DMA2_IRQHandler
                0x00000514                TPM0_IRQHandler
                0x00000514                LLWU_IRQHandler
                0x00000514                TSI0_IRQHandler
                0x00000514                ADC0_IRQHandler
                0x00000514                Reserved39_IRQHandler
                0x00000514                SPI1_IRQHandler
                0x00000514                DefaultISR
                0x00000514                PORTD_IRQHandler
                0x00000514                TPM2_IRQHandler
                0x00000514                RTC_IRQHandler
                0x00000514                I2C0_IRQHandler
                0x00000514                RTC_Seconds_IRQHandler
                0x00000514                MCG_IRQHandler
                0x00000514                UART2_IRQHandler
                0x00000514                Reserved20_IRQHandler
                0x00000514                USB0_IRQHandler
                0x00000514                PIT_IRQHandler
                0x00000514                SVC_Handler
                0x00000514                DMA3_IRQHandler
                0x00000514                DMA0_IRQHandler
                0x00000514                DAC0_IRQHandler
                0x00000514                Reserved45_IRQHandler
                0x00000514                TPM1_IRQHandler
                0x00000514                LVD_LVW_IRQHandler
                0x00000514                SPI0_IRQHandler
                0x00000514                PORTA_IRQHandler
                0x00000514                FTFA_IRQHandler
                0x00000514                LPTMR0_IRQHandler
                0x00000514                CMP0_IRQHandler
                0x00000514                DMA1_IRQHandler
 *(.text*)
 .text.Full     0x0000051c       0x20 ./Sources/cbuff.o
                0x0000051c                Full
 .text.Empty    0x0000053c       0x1c ./Sources/cbuff.o
                0x0000053c                Empty
 .text.add_item
                0x00000558       0x64 ./Sources/cbuff.o
                0x00000558                add_item
 .text.remove_item
                0x000005bc       0x60 ./Sources/cbuff.o
                0x000005bc                remove_item
 .text.cbuff_init
                0x0000061c       0x3c ./Sources/cbuff.o
                0x0000061c                cbuff_init
 .text.empty_buff
                0x00000658       0x50 ./Sources/cbuff.o
                0x00000658                empty_buff
 .text.main     0x000006a8       0x4c ./Sources/main.o
                0x000006a8                main
 .text.Decode_CI_Msg
                0x000006f4       0xe0 ./Sources/messageint.o
                0x000006f4                Decode_CI_Msg
 .text.message_map
                0x000007d4       0x80 ./Sources/messageint.o
                0x000007d4                message_map
 .text.LEDFunction
                0x00000854       0xfc ./Sources/pwm.o
                0x00000854                LEDFunction
 .text.LED_in   0x00000950       0xc4 ./Sources/pwm.o
                0x00000950                LED_in
 .text.NVIC_EnableIRQ
                0x00000a14       0x2c ./Sources/uart.o
 .text.NVIC_SetPriority
                0x00000a40       0xe0 ./Sources/uart.o
 .text.UART0_init
                0x00000b20       0xb4 ./Sources/uart.o
                0x00000b20                UART0_init
 .text.UART0_IRQHandler
                0x00000bd4       0xac ./Sources/uart.o
                0x00000bd4                UART0_IRQHandler
 .text.SystemInit
                0x00000c80       0x18 ./Project_Settings/Startup_Code/system_MKL25Z4.o
                0x00000c80                SystemInit
 .text.exit     0x00000c98       0x2c c:/freescale/kds_v3/toolchain/bin/../lib/gcc/arm-none-eabi/4.8.4/../../../../arm-none-eabi/lib/armv6-m\libg_s.a(lib_a-exit.o)
                0x00000c98                exit
 .text.__libc_init_array
                0x00000cc4       0x4c c:/freescale/kds_v3/toolchain/bin/../lib/gcc/arm-none-eabi/4.8.4/../../../../arm-none-eabi/lib/armv6-m\libg_s.a(lib_a-init.o)
                0x00000cc4                __libc_init_array
 .text.malloc   0x00000d10       0x14 c:/freescale/kds_v3/toolchain/bin/../lib/gcc/arm-none-eabi/4.8.4/../../../../arm-none-eabi/lib/armv6-m\libg_s.a(lib_a-malloc.o)
                0x00000d10                malloc
 .text.memset   0x00000d24       0x10 c:/freescale/kds_v3/toolchain/bin/../lib/gcc/arm-none-eabi/4.8.4/../../../../arm-none-eabi/lib/armv6-m\libg_s.a(lib_a-memset.o)
                0x00000d24                memset
 .text._malloc_r
                0x00000d34       0xa8 c:/freescale/kds_v3/toolchain/bin/../lib/gcc/arm-none-eabi/4.8.4/../../../../arm-none-eabi/lib/armv6-m\libg_s.a(lib_a-nano-mallocr.o)
                0x00000d34                _malloc_r
 .text._sbrk_r  0x00000ddc       0x24 c:/freescale/kds_v3/toolchain/bin/../lib/gcc/arm-none-eabi/4.8.4/../../../../arm-none-eabi/lib/armv6-m\libg_s.a(lib_a-sbrkr.o)
                0x00000ddc                _sbrk_r
 .text._sbrk    0x00000e00       0x34 c:/freescale/kds_v3/toolchain/bin/../lib/gcc/arm-none-eabi/4.8.4/../../../../arm-none-eabi/lib/armv6-m\libnosys.a(sbrk.o)
                0x00000e00                _sbrk
 .text._exit    0x00000e34        0x4 c:/freescale/kds_v3/toolchain/bin/../lib/gcc/arm-none-eabi/4.8.4/../../../../arm-none-eabi/lib/armv6-m\libnosys.a(_exit.o)
                0x00000e34                _exit
 *(.rodata)
 *(.rodata*)
 .rodata.str1.1
                0x00000e38        0x2 c:/freescale/kds_v3/toolchain/bin/../lib/gcc/arm-none-eabi/4.8.4/../../../../arm-none-eabi/lib/armv6-m\libg_s.a(lib_a-impure.o)
 *fill*         0x00000e3a        0x2 
 .rodata._global_impure_ptr
                0x00000e3c        0x4 c:/freescale/kds_v3/toolchain/bin/../lib/gcc/arm-none-eabi/4.8.4/../../../../arm-none-eabi/lib/armv6-m\libg_s.a(lib_a-impure.o)
                0x00000e3c                _global_impure_ptr
 *(.glue_7)
 .glue_7        0x00000000        0x0 linker stubs
 *(.glue_7t)
 .glue_7t       0x00000000        0x0 linker stubs
 *(.eh_frame)
 .eh_frame      0x00000e40        0x0 c:/freescale/kds_v3/toolchain/bin/../lib/gcc/arm-none-eabi/4.8.4/armv6-m/crtbegin.o
 *(.init)
 .init          0x00000e40        0x4 c:/freescale/kds_v3/toolchain/bin/../lib/gcc/arm-none-eabi/4.8.4/armv6-m/crti.o
                0x00000e40                _init
 .init          0x00000e44        0x8 c:/freescale/kds_v3/toolchain/bin/../lib/gcc/arm-none-eabi/4.8.4/armv6-m/crtn.o
 *(.fini)
 .fini          0x00000e4c        0x4 c:/freescale/kds_v3/toolchain/bin/../lib/gcc/arm-none-eabi/4.8.4/armv6-m/crti.o
                0x00000e4c                _fini
 .fini          0x00000e50        0x8 c:/freescale/kds_v3/toolchain/bin/../lib/gcc/arm-none-eabi/4.8.4/armv6-m/crtn.o
                0x00000e58                . = ALIGN (0x4)

.vfp11_veneer   0x00000e58        0x0
 .vfp11_veneer  0x00000000        0x0 linker stubs

.v4_bx          0x00000e58        0x0
 .v4_bx         0x00000000        0x0 linker stubs

.iplt           0x00000e58        0x0
 .iplt          0x00000000        0x0 c:/freescale/kds_v3/toolchain/bin/../lib/gcc/arm-none-eabi/4.8.4/armv6-m/crtbegin.o

.ARM.extab
 *(.ARM.extab* .gnu.linkonce.armextab.*)

.ARM            0x00000e58        0x8
                0x00000e58                __exidx_start = .
 *(.ARM.exidx*)
 .ARM.exidx     0x00000e58        0x8 c:/freescale/kds_v3/toolchain/bin/../lib/gcc/arm-none-eabi/4.8.4/../../../../arm-none-eabi/lib/armv6-m/crt0.o
                0x00000e60                __exidx_end = .

.rel.dyn        0x00000e60        0x0
 .rel.iplt      0x00000000        0x0 c:/freescale/kds_v3/toolchain/bin/../lib/gcc/arm-none-eabi/4.8.4/armv6-m/crtbegin.o

.ctors          0x00000e60        0x0
                0x00000e60                __CTOR_LIST__ = .
 *crtbegin.o(.ctors)
 *crtbegin?.o(.ctors)
 *(EXCLUDE_FILE(*crtend.o *crtend?.o) .ctors)
 *(SORT(.ctors.*))
 *(.ctors)
                0x00000e60                __CTOR_END__ = .

.dtors          0x00000e60        0x0
                0x00000e60                __DTOR_LIST__ = .
 *crtbegin.o(.dtors)
 *crtbegin?.o(.dtors)
 *(EXCLUDE_FILE(*crtend.o *crtend?.o) .dtors)
 *(SORT(.dtors.*))
 *(.dtors)
                0x00000e60                __DTOR_END__ = .

.preinit_array  0x00000e60        0x0
                0x00000e60                PROVIDE (__preinit_array_start, .)
 *(.preinit_array*)
                0x00000e60                PROVIDE (__preinit_array_end, .)

.init_array     0x00000e60        0x4
                0x00000e60                PROVIDE (__init_array_start, .)
 *(SORT(.init_array.*))
 *(.init_array*)
 .init_array    0x00000e60        0x4 c:/freescale/kds_v3/toolchain/bin/../lib/gcc/arm-none-eabi/4.8.4/armv6-m/crtbegin.o
                0x00000e64                PROVIDE (__init_array_end, .)

.fini_array     0x00000e64        0x4
                0x00000e64                PROVIDE (__fini_array_start, .)
 *(SORT(.fini_array.*))
 *(.fini_array*)
 .fini_array    0x00000e64        0x4 c:/freescale/kds_v3/toolchain/bin/../lib/gcc/arm-none-eabi/4.8.4/armv6-m/crtbegin.o
                0x00000e68                PROVIDE (__fini_array_end, .)
                0x00000e68                __etext = .
                0x00000e68                __DATA_ROM = .

.mtb            0x1ffff000        0x0
                0x1ffff000                . = ALIGN (0x8)
                0x1ffff000                _mtb_start = .
 *(.mtb_buf)
                0x1ffff000                . = ALIGN (0x8)
                0x1ffff000                _mtb_end = .

.data           0x1ffff000       0x68 load address 0x00000e68
                0x1ffff000                . = ALIGN (0x4)
                0x1ffff000                __DATA_RAM = .
                0x1ffff000                __data_start__ = .
 *(.data)
 *(.data*)
 .data.impure_data
                0x1ffff000       0x60 c:/freescale/kds_v3/toolchain/bin/../lib/gcc/arm-none-eabi/4.8.4/../../../../arm-none-eabi/lib/armv6-m\libg_s.a(lib_a-impure.o)
 .data._impure_ptr
                0x1ffff060        0x4 c:/freescale/kds_v3/toolchain/bin/../lib/gcc/arm-none-eabi/4.8.4/../../../../arm-none-eabi/lib/armv6-m\libg_s.a(lib_a-impure.o)
                0x1ffff060                _impure_ptr
 *(.jcr*)
 .jcr           0x1ffff064        0x0 c:/freescale/kds_v3/toolchain/bin/../lib/gcc/arm-none-eabi/4.8.4/armv6-m/crtbegin.o
 .jcr           0x1ffff064        0x4 c:/freescale/kds_v3/toolchain/bin/../lib/gcc/arm-none-eabi/4.8.4/armv6-m/crtend.o
                0x1ffff068                . = ALIGN (0x4)
                0x1ffff068                __data_end__ = .
                0x00000ed0                __DATA_END = (__DATA_ROM + (__data_end__ - __data_start__))

.igot.plt       0x1ffff068        0x0 load address 0x00000ed0
 .igot.plt      0x00000000        0x0 c:/freescale/kds_v3/toolchain/bin/../lib/gcc/arm-none-eabi/4.8.4/armv6-m/crtbegin.o

.bss            0x1ffff068       0x60 load address 0x00000ed0
                0x1ffff068                . = ALIGN (0x4)
                0x1ffff068                __START_BSS = .
                0x1ffff068                __bss_start__ = .
 *(.bss)
 .bss           0x1ffff068       0x1c c:/freescale/kds_v3/toolchain/bin/../lib/gcc/arm-none-eabi/4.8.4/armv6-m/crtbegin.o
 *(.bss*)
 .bss.__malloc_sbrk_start
                0x1ffff084        0x4 c:/freescale/kds_v3/toolchain/bin/../lib/gcc/arm-none-eabi/4.8.4/../../../../arm-none-eabi/lib/armv6-m\libg_s.a(lib_a-nano-mallocr.o)
                0x1ffff084                __malloc_sbrk_start
 .bss.__malloc_free_list
                0x1ffff088        0x4 c:/freescale/kds_v3/toolchain/bin/../lib/gcc/arm-none-eabi/4.8.4/../../../../arm-none-eabi/lib/armv6-m\libg_s.a(lib_a-nano-mallocr.o)
                0x1ffff088                __malloc_free_list
 .bss.heap_end.4246
                0x1ffff08c        0x4 c:/freescale/kds_v3/toolchain/bin/../lib/gcc/arm-none-eabi/4.8.4/../../../../arm-none-eabi/lib/armv6-m\libnosys.a(sbrk.o)
 *(COMMON)
 COMMON         0x1ffff090       0x34 ./Sources/main.o
                0x1ffff090                pkt
                0x1ffff094                message
                0x1ffff09c                txbuffer
                0x1ffff0b0                rxbuffer
 COMMON         0x1ffff0c4        0x4 c:/freescale/kds_v3/toolchain/bin/../lib/gcc/arm-none-eabi/4.8.4/../../../../arm-none-eabi/lib/armv6-m\libg_s.a(lib_a-reent.o)
                0x1ffff0c4                errno
                0x1ffff0c8                . = ALIGN (0x4)
                0x1ffff0c8                __bss_end__ = .
                0x1ffff0c8                __END_BSS = .

.heap           0x1ffff0c8      0x400 load address 0x00000f30
                0x1ffff0c8                . = ALIGN (0x8)
                0x1ffff0c8                __end__ = .
                0x1ffff0c8                PROVIDE (end, .)
                0x1ffff0c8                __HeapBase = .
                0x1ffff4c8                . = (. + HEAP_SIZE)
 *fill*         0x1ffff0c8      0x400 
                0x1ffff4c8                __HeapLimit = .

.stack          0x1ffff4c8      0x400 load address 0x00001330
                0x1ffff4c8                . = ALIGN (0x8)
                0x1ffff8c8                . = (. + STACK_SIZE)
 *fill*         0x1ffff4c8      0x400 
                0x20003000                __StackTop = (ORIGIN (m_data) + 0x4000)
                0x20002c00                __StackLimit = (__StackTop - STACK_SIZE)
                0x20003000                PROVIDE (__stack, __StackTop)

.ARM.attributes
                0x00000000       0x28
 *(.ARM.attributes)
 .ARM.attributes
                0x00000000       0x1e c:/freescale/kds_v3/toolchain/bin/../lib/gcc/arm-none-eabi/4.8.4/armv6-m/crti.o
 .ARM.attributes
                0x0000001e       0x2c c:/freescale/kds_v3/toolchain/bin/../lib/gcc/arm-none-eabi/4.8.4/armv6-m/crtbegin.o
 .ARM.attributes
                0x0000004a       0x1b c:/freescale/kds_v3/toolchain/bin/../lib/gcc/arm-none-eabi/4.8.4/../../../../arm-none-eabi/lib/armv6-m/crt0.o
 .ARM.attributes
                0x00000065       0x32 ./Sources/cbuff.o
 .ARM.attributes
                0x00000097       0x32 ./Sources/main.o
 .ARM.attributes
                0x000000c9       0x32 ./Sources/messageint.o
 .ARM.attributes
                0x000000fb       0x32 ./Sources/pwm.o
 .ARM.attributes
                0x0000012d       0x32 ./Sources/uart.o
 .ARM.attributes
                0x0000015f       0x1b ./Project_Settings/Startup_Code/startup_MKL25Z4.o
 .ARM.attributes
                0x0000017a       0x32 ./Project_Settings/Startup_Code/system_MKL25Z4.o
 .ARM.attributes
                0x000001ac       0x2c c:/freescale/kds_v3/toolchain/bin/../lib/gcc/arm-none-eabi/4.8.4/../../../../arm-none-eabi/lib/armv6-m\libg_s.a(lib_a-exit.o)
 .ARM.attributes
                0x000001d8       0x2c c:/freescale/kds_v3/toolchain/bin/../lib/gcc/arm-none-eabi/4.8.4/../../../../arm-none-eabi/lib/armv6-m\libg_s.a(lib_a-impure.o)
 .ARM.attributes
                0x00000204       0x2c c:/freescale/kds_v3/toolchain/bin/../lib/gcc/arm-none-eabi/4.8.4/../../../../arm-none-eabi/lib/armv6-m\libg_s.a(lib_a-init.o)
 .ARM.attributes
                0x00000230       0x2c c:/freescale/kds_v3/toolchain/bin/../lib/gcc/arm-none-eabi/4.8.4/../../../../arm-none-eabi/lib/armv6-m\libg_s.a(lib_a-malloc.o)
 .ARM.attributes
                0x0000025c       0x2c c:/freescale/kds_v3/toolchain/bin/../lib/gcc/arm-none-eabi/4.8.4/../../../../arm-none-eabi/lib/armv6-m\libg_s.a(lib_a-memset.o)
 .ARM.attributes
                0x00000288       0x2c c:/freescale/kds_v3/toolchain/bin/../lib/gcc/arm-none-eabi/4.8.4/../../../../arm-none-eabi/lib/armv6-m\libg_s.a(lib_a-nano-mallocr.o)
 .ARM.attributes
                0x000002b4       0x2c c:/freescale/kds_v3/toolchain/bin/../lib/gcc/arm-none-eabi/4.8.4/../../../../arm-none-eabi/lib/armv6-m\libg_s.a(lib_a-sbrkr.o)
 .ARM.attributes
                0x000002e0       0x2c c:/freescale/kds_v3/toolchain/bin/../lib/gcc/arm-none-eabi/4.8.4/../../../../arm-none-eabi/lib/armv6-m\libg_s.a(lib_a-reent.o)
 .ARM.attributes
                0x0000030c       0x2c c:/freescale/kds_v3/toolchain/bin/../lib/gcc/arm-none-eabi/4.8.4/../../../../arm-none-eabi/lib/armv6-m\libnosys.a(sbrk.o)
 .ARM.attributes
                0x00000338       0x2c c:/freescale/kds_v3/toolchain/bin/../lib/gcc/arm-none-eabi/4.8.4/../../../../arm-none-eabi/lib/armv6-m\libnosys.a(_exit.o)
 .ARM.attributes
                0x00000364       0x2c c:/freescale/kds_v3/toolchain/bin/../lib/gcc/arm-none-eabi/4.8.4/armv6-m/crtend.o
 .ARM.attributes
                0x00000390       0x1e c:/freescale/kds_v3/toolchain/bin/../lib/gcc/arm-none-eabi/4.8.4/armv6-m/crtn.o
                0x00000001                ASSERT ((__StackLimit >= __HeapLimit), region m_data overflowed with stack and heap)
OUTPUT(project_3.elf elf32-littlearm)

.debug_info     0x00000000     0x1839
 .debug_info    0x00000000      0x2d1 ./Sources/cbuff.o
 .debug_info    0x000002d1      0x1b3 ./Sources/main.o
 .debug_info    0x00000484      0x25c ./Sources/messageint.o
 .debug_info    0x000006e0      0x4d8 ./Sources/pwm.o
 .debug_info    0x00000bb8      0x7e5 ./Sources/uart.o
 .debug_info    0x0000139d       0xaf ./Project_Settings/Startup_Code/startup_MKL25Z4.o
 .debug_info    0x0000144c      0x3ed ./Project_Settings/Startup_Code/system_MKL25Z4.o

.debug_abbrev   0x00000000      0x6e6
 .debug_abbrev  0x00000000      0x122 ./Sources/cbuff.o
 .debug_abbrev  0x00000122       0xb8 ./Sources/main.o
 .debug_abbrev  0x000001da      0x108 ./Sources/messageint.o
 .debug_abbrev  0x000002e2      0x142 ./Sources/pwm.o
 .debug_abbrev  0x00000424      0x1a5 ./Sources/uart.o
 .debug_abbrev  0x000005c9       0x14 ./Project_Settings/Startup_Code/startup_MKL25Z4.o
 .debug_abbrev  0x000005dd      0x109 ./Project_Settings/Startup_Code/system_MKL25Z4.o

.debug_aranges  0x00000000      0x168
 .debug_aranges
                0x00000000       0x58 ./Sources/cbuff.o
 .debug_aranges
                0x00000058       0x20 ./Sources/main.o
 .debug_aranges
                0x00000078       0x28 ./Sources/messageint.o
 .debug_aranges
                0x000000a0       0x30 ./Sources/pwm.o
 .debug_aranges
                0x000000d0       0x50 ./Sources/uart.o
 .debug_aranges
                0x00000120       0x20 ./Project_Settings/Startup_Code/startup_MKL25Z4.o
 .debug_aranges
                0x00000140       0x28 ./Project_Settings/Startup_Code/system_MKL25Z4.o

.debug_ranges   0x00000000       0xe8
 .debug_ranges  0x00000000       0x48 ./Sources/cbuff.o
 .debug_ranges  0x00000048       0x10 ./Sources/main.o
 .debug_ranges  0x00000058       0x18 ./Sources/messageint.o
 .debug_ranges  0x00000070       0x20 ./Sources/pwm.o
 .debug_ranges  0x00000090       0x40 ./Sources/uart.o
 .debug_ranges  0x000000d0       0x18 ./Project_Settings/Startup_Code/system_MKL25Z4.o

.debug_macro    0x00000000     0x1dcc
 .debug_macro   0x00000000      0x133 ./Sources/cbuff.o
 .debug_macro   0x00000133      0x802 ./Sources/cbuff.o
 .debug_macro   0x00000935       0x58 ./Sources/cbuff.o
 .debug_macro   0x0000098d       0x16 ./Sources/cbuff.o
 .debug_macro   0x000009a3       0x35 ./Sources/cbuff.o
 .debug_macro   0x000009d8       0xa3 ./Sources/cbuff.o
 .debug_macro   0x00000a7b       0x16 ./Sources/cbuff.o
 .debug_macro   0x00000a91       0x97 ./Sources/cbuff.o
 .debug_macro   0x00000b28       0x10 ./Sources/cbuff.o
 .debug_macro   0x00000b38       0xef ./Sources/cbuff.o
 .debug_macro   0x00000c27       0x4a ./Sources/cbuff.o
 .debug_macro   0x00000c71       0x52 ./Sources/cbuff.o
 .debug_macro   0x00000cc3       0x16 ./Sources/cbuff.o
 .debug_macro   0x00000cd9       0x43 ./Sources/cbuff.o
 .debug_macro   0x00000d1c      0x180 ./Sources/cbuff.o
 .debug_macro   0x00000e9c       0x10 ./Sources/cbuff.o
 .debug_macro   0x00000eac       0x22 ./Sources/cbuff.o
 .debug_macro   0x00000ece       0xbd ./Sources/cbuff.o
 .debug_macro   0x00000f8b       0x16 ./Sources/cbuff.o
 .debug_macro   0x00000fa1      0x14a ./Sources/cbuff.o
 .debug_macro   0x000010eb       0x16 ./Sources/cbuff.o
 .debug_macro   0x00001101       0x35 ./Sources/cbuff.o
 .debug_macro   0x00001136       0x22 ./Sources/cbuff.o
 .debug_macro   0x00001158      0x20f ./Sources/cbuff.o
 .debug_macro   0x00001367      0x18c ./Sources/main.o
 .debug_macro   0x000014f3       0x10 ./Sources/main.o
 .debug_macro   0x00001503      0x156 ./Sources/messageint.o
 .debug_macro   0x00001659      0x166 ./Sources/messageint.o
 .debug_macro   0x000017bf      0x2a6 ./Sources/messageint.o
 .debug_macro   0x00001a65       0x10 ./Sources/messageint.o
 .debug_macro   0x00001a75      0x118 ./Sources/pwm.o
 .debug_macro   0x00001b8d       0xde ./Sources/pwm.o
 .debug_macro   0x00001c6b       0x97 ./Sources/uart.o
 .debug_macro   0x00001d02       0x7e ./Project_Settings/Startup_Code/system_MKL25Z4.o
 .debug_macro   0x00001d80       0x4c ./Project_Settings/Startup_Code/system_MKL25Z4.o

.debug_line     0x00000000     0x10c1
 .debug_line    0x00000000      0x2e4 ./Sources/cbuff.o
 .debug_line    0x000002e4      0x2ca ./Sources/main.o
 .debug_line    0x000005ae      0x30f ./Sources/messageint.o
 .debug_line    0x000008bd      0x2a7 ./Sources/pwm.o
 .debug_line    0x00000b64      0x2a2 ./Sources/uart.o
 .debug_line    0x00000e06       0x7b ./Project_Settings/Startup_Code/startup_MKL25Z4.o
 .debug_line    0x00000e81      0x240 ./Project_Settings/Startup_Code/system_MKL25Z4.o

.debug_str      0x00000000    0x35573
 .debug_str     0x00000000     0x4cea ./Sources/cbuff.o
                               0x4edc (size before relaxing)
 .debug_str     0x00004cea    0x2ede9 ./Sources/main.o
                              0x33e57 (size before relaxing)
 .debug_str     0x00033ad3      0xfa4 ./Sources/messageint.o
                              0x343bc (size before relaxing)
 .debug_str     0x00034a77      0x7d7 ./Sources/pwm.o
                              0x33b81 (size before relaxing)
 .debug_str     0x0003524e      0x299 ./Sources/uart.o
                              0x321bf (size before relaxing)
 .debug_str     0x000354e7       0x8c ./Project_Settings/Startup_Code/system_MKL25Z4.o
                              0x31f2d (size before relaxing)

.comment        0x00000000       0x70
 .comment       0x00000000       0x70 ./Sources/cbuff.o
                                 0x71 (size before relaxing)
 .comment       0x00000000       0x71 ./Sources/main.o
 .comment       0x00000000       0x71 ./Sources/messageint.o
 .comment       0x00000000       0x71 ./Sources/pwm.o
 .comment       0x00000000       0x71 ./Sources/uart.o
 .comment       0x00000000       0x71 ./Project_Settings/Startup_Code/system_MKL25Z4.o

.debug_frame    0x00000000      0x4c4
 .debug_frame   0x00000000      0x110 ./Sources/cbuff.o
 .debug_frame   0x00000110       0x2c ./Sources/main.o
 .debug_frame   0x0000013c       0x50 ./Sources/messageint.o
 .debug_frame   0x0000018c       0x6c ./Sources/pwm.o
 .debug_frame   0x000001f8       0xec ./Sources/uart.o
 .debug_frame   0x000002e4       0x4c ./Project_Settings/Startup_Code/system_MKL25Z4.o
 .debug_frame   0x00000330       0x28 c:/freescale/kds_v3/toolchain/bin/../lib/gcc/arm-none-eabi/4.8.4/../../../../arm-none-eabi/lib/armv6-m\libg_s.a(lib_a-exit.o)
 .debug_frame   0x00000358       0x2c c:/freescale/kds_v3/toolchain/bin/../lib/gcc/arm-none-eabi/4.8.4/../../../../arm-none-eabi/lib/armv6-m\libg_s.a(lib_a-init.o)
 .debug_frame   0x00000384       0x40 c:/freescale/kds_v3/toolchain/bin/../lib/gcc/arm-none-eabi/4.8.4/../../../../arm-none-eabi/lib/armv6-m\libg_s.a(lib_a-malloc.o)
 .debug_frame   0x000003c4       0x20 c:/freescale/kds_v3/toolchain/bin/../lib/gcc/arm-none-eabi/4.8.4/../../../../arm-none-eabi/lib/armv6-m\libg_s.a(lib_a-memset.o)
 .debug_frame   0x000003e4       0x2c c:/freescale/kds_v3/toolchain/bin/../lib/gcc/arm-none-eabi/4.8.4/../../../../arm-none-eabi/lib/armv6-m\libg_s.a(lib_a-nano-mallocr.o)
 .debug_frame   0x00000410       0x2c c:/freescale/kds_v3/toolchain/bin/../lib/gcc/arm-none-eabi/4.8.4/../../../../arm-none-eabi/lib/armv6-m\libg_s.a(lib_a-sbrkr.o)
 .debug_frame   0x0000043c       0x48 c:/freescale/kds_v3/toolchain/bin/../lib/gcc/arm-none-eabi/4.8.4/../../../../arm-none-eabi/lib/armv6-m\libg_s.a(lib_a-reent.o)
 .debug_frame   0x00000484       0x20 c:/freescale/kds_v3/toolchain/bin/../lib/gcc/arm-none-eabi/4.8.4/../../../../arm-none-eabi/lib/armv6-m\libnosys.a(sbrk.o)
 .debug_frame   0x000004a4       0x20 c:/freescale/kds_v3/toolchain/bin/../lib/gcc/arm-none-eabi/4.8.4/../../../../arm-none-eabi/lib/armv6-m\libnosys.a(_exit.o)
